Script started on 2026-08-04 06:07:27-04:00 [COMMAND="docker buildx build --progress plain --platform linux/arm64 --build-arg SNAKETRACKER_UID=1001 --tag snaketracker:phase1-arm64 --metadata-file docs/evidence/m1-platform/containers/arm64-build-metadata.json --output type=oci,dest=/tmp/snaketracker-phase1-arm64-da06191.oci.tar ." <not executed on terminal>]
#0 building with "default" instance using docker driver



#1 [internal] load build definition from Dockerfile

#1 transferring dockerfile: 1.19kB done

#1 DONE 0.0s



#2 [internal] load metadata for docker.io/library/python@sha256:9d7f287598e1a5a978c015ee176d8216435aaf335ed69ac3c38dd1bbb10e8d64

#2 DONE 0.0s



#3 [internal] load metadata for ghcr.io/astral-sh/uv@sha256:cf4eedcaa81655197f625739489effcbe71b61ceb1506f332c3facae5deceded

#3 DONE 0.0s



#4 [internal] load .dockerignore

#4 transferring context: 252B done

#4 DONE 0.0s



#5 [runtime  1/11] FROM docker.io/library/python@sha256:9d7f287598e1a5a978c015ee176d8216435aaf335ed69ac3c38dd1bbb10e8d64

#5 resolve docker.io/library/python@sha256:9d7f287598e1a5a978c015ee176d8216435aaf335ed69ac3c38dd1bbb10e8d64 0.0s done

#5 CACHED



#6 [uv 1/1] FROM ghcr.io/astral-sh/uv@sha256:cf4eedcaa81655197f625739489effcbe71b61ceb1506f332c3facae5deceded

#6 resolve ghcr.io/astral-sh/uv@sha256:cf4eedcaa81655197f625739489effcbe71b61ceb1506f332c3facae5deceded 0.0s done

#6 CACHED



#7 [internal] load build context

#7 transferring context: 5.51kB done

#7 DONE 0.0s



#8 [runtime  2/11] RUN groupadd --gid 1001 snaketracker     && useradd --uid 1001 --gid 1001 --create-home --shell /usr/sbin/nologin snaketracker

#8 DONE 0.5s



#9 [runtime  3/11] WORKDIR /app

#9 DONE 0.0s



#10 [runtime  4/11] COPY --from=uv /uv /uvx /bin/

#10 DONE 0.3s



#11 [runtime  5/11] COPY pyproject.toml uv.lock README.md ./

#11 DONE 0.0s



#12 [runtime  6/11] COPY src ./src

#12 DONE 0.0s



#13 [runtime  7/11] RUN uv sync --frozen --no-dev --no-editable     && rm -rf /root/.cache/uv

#13 2.698 Using CPython 3.13.14 interpreter at: /usr/local/bin/python3

#13 2.701 Creating virtual environment at: .venv

#13 2.936    Building snaketracker @ file:///app

#13 3.625 Downloading pydantic-core (1.9MiB)

#13 3.626 Downloading sqlalchemy (3.1MiB)

#13 3.627 Downloading uvloop (4.1MiB)

#13 4.944  Downloaded pydantic-core

#13 5.343  Downloaded sqlalchemy

#13 5.387  Downloaded uvloop

#13 12.40       Built snaketracker @ file:///app

#13 12.43 Prepared 27 packages in 9.61s

#13 12.65 Installed 27 packages in 217ms

#13 19.71 Bytecode compiled 887 files in 7.05s

#13 19.71  + alembic==1.18.5

#13 19.71  + annotated-doc==0.0.5

#13 19.71  + annotated-types==0.8.0

#13 19.71  + anyio==4.14.2

#13 19.71  + click==8.4.2

#13 19.71  + fastapi==0.141.1

#13 19.71  + greenlet==3.5.4

#13 19.71  + h11==0.16.0

#13 19.71  + httptools==0.8.0

#13 19.72  + idna==3.18

#13 19.72  + mako==1.3.12

#13 19.72  + markupsafe==3.0.3

#13 19.72  + prometheus-client==0.26.0

#13 19.72  + pydantic==2.13.4

#13 19.72  + pydantic-core==2.46.4

#13 19.72  + pydantic-settings==2.14.2

#13 19.72  + python-dotenv==1.2.2

#13 19.72  + pyyaml==6.0.3

#13 19.72  + snaketracker==0.1.0 (from file:///app)

#13 19.72  + sqlalchemy==2.0.51

#13 19.72  + starlette==1.3.1

#13 19.72  + typing-extensions==4.16.0

#13 19.72  + typing-inspection==0.4.2

#13 19.72  + uvicorn==0.52.1

#13 19.72  + uvloop==0.22.1

#13 19.72  + watchfiles==1.2.0

#13 19.72  + websockets==17.0.1

#13 DONE 19.9s



#14 [runtime  8/11] COPY alembic.ini ./

#14 DONE 0.0s



#15 [runtime  9/11] COPY migrations ./migrations

#15 DONE 0.0s



#16 [runtime 10/11] COPY deploy/docker/entrypoint.sh /usr/local/bin/snaketracker-entrypoint

#16 DONE 0.0s



#17 [runtime 11/11] RUN chmod 0555 /usr/local/bin/snaketracker-entrypoint     && chown -R snaketracker:snaketracker /app

#17 DONE 3.3s



#18 exporting to oci image format

#18 exporting layers

#18 exporting layers 2.5s done

#18 exporting manifest sha256:3596144019dfafa3b11f29b17a8abac6cffff3cf8f095579485a05be614b9164 0.0s done

#18 exporting config sha256:8426d0a7fccf5a547aa292e5ed4a13a90ca5c971d0bc57114c7b43e5c48a1720 done

#18 sending tarball

#18 sending tarball 2.1s done

#18 DONE 4.6s



#19 resolving provenance for metadata file

#19 DONE 0.0s


Script done on 2026-08-04 06:07:56-04:00 [COMMAND_EXIT_CODE="0"]
