Script started on 2026-08-04 06:12:46-04:00 [COMMAND="docker run --rm -v /var/run/docker.sock:/var/run/docker.sock aquasec/trivy@sha256:7cced7cae583819fc7806d4cbc0dbbc7cad18b99f7d3e235192e6da8c091045c image --severity HIGH,CRITICAL --ignore-unfixed --exit-code 1 --no-progress snaketracker:phase1" <not executed on terminal>]
2026-08-04T10:12:46Z	INFO	[vulndb] Need to update DB

2026-08-04T10:12:46Z	INFO	[vulndb] Downloading vulnerability DB...

2026-08-04T10:12:46Z	INFO	[vulndb] Downloading artifact...	repo="mirror.gcr.io/aquasec/trivy-db:2"

2026-08-04T10:13:02Z	INFO	[vulndb] Artifact successfully downloaded	repo="mirror.gcr.io/aquasec/trivy-db:2"

2026-08-04T10:13:02Z	INFO	[vuln] Vulnerability scanning is enabled

2026-08-04T10:13:02Z	INFO	[secret] Secret scanning is enabled

2026-08-04T10:13:02Z	INFO	[secret] If your scanning is slow, please try '--scanners vuln' to disable secret scanning

2026-08-04T10:13:02Z	INFO	[secret] Please see https://trivy.dev/docs/v0.73/guide/scanner/secret#recommendation for faster secret detection

2026-08-04T10:13:10Z	INFO	[python] Licenses acquired from one or more METADATA files may be subject to additional terms. Use `--debug` flag to see all affected packages.

2026-08-04T10:13:10Z	INFO	Detected OS	family="debian" version="12.15"

2026-08-04T10:13:10Z	INFO	[debian] Detecting vulnerabilities...	os_version="12" pkg_num=97

2026-08-04T10:13:10Z	INFO	Number of language-specific files	num=3

2026-08-04T10:13:10Z	INFO	[python-pkg] Detecting vulnerabilities...

2026-08-04T10:13:10Z	INFO	[rustbinary] Detecting vulnerabilities...

2026-08-04T10:13:10Z	WARN	Using severities from other vendors for some vulnerabilities. Read https://trivy.dev/docs/v0.73/guide/scanner/vulnerability#severity-selection for details.



Report Summary



┌──────────────────────────────────────────────────────────────────────────────────┬────────────┬─────────────────┬─────────┐

│                                      Target                                      │    Type    │ Vulnerabilities │ Secrets │

├──────────────────────────────────────────────────────────────────────────────────┼────────────┼─────────────────┼─────────┤

│ snaketracker:phase1 (debian 12.15)                                               │   debian   │        0        │    -    │

├──────────────────────────────────────────────────────────────────────────────────┼────────────┼─────────────────┼─────────┤

│ app/.venv/lib/python3.13/site-packages/alembic-1.18.5.dist-info/METADATA         │ python-pkg │        0        │    -    │

├──────────────────────────────────────────────────────────────────────────────────┼────────────┼─────────────────┼─────────┤

│ app/.venv/lib/python3.13/site-packages/annotated_doc-0.0.5.dist-info/METADATA    │ python-pkg │        0        │    -    │

├──────────────────────────────────────────────────────────────────────────────────┼────────────┼─────────────────┼─────────┤

│ app/.venv/lib/python3.13/site-packages/annotated_types-0.8.0.dist-info/METADATA  │ python-pkg │        0        │    -    │

├──────────────────────────────────────────────────────────────────────────────────┼────────────┼─────────────────┼─────────┤

│ app/.venv/lib/python3.13/site-packages/anyio-4.14.2.dist-info/METADATA           │ python-pkg │        0        │    -    │

├──────────────────────────────────────────────────────────────────────────────────┼────────────┼─────────────────┼─────────┤

│ app/.venv/lib/python3.13/site-packages/click-8.4.2.dist-info/METADATA            │ python-pkg │        0        │    -    │

├──────────────────────────────────────────────────────────────────────────────────┼────────────┼─────────────────┼─────────┤

│ app/.venv/lib/python3.13/site-packages/fastapi-0.141.1.dist-info/METADATA        │ python-pkg │        0        │    -    │

├──────────────────────────────────────────────────────────────────────────────────┼────────────┼─────────────────┼─────────┤

│ app/.venv/lib/python3.13/site-packages/greenlet-3.5.4.dist-info/METADATA         │ python-pkg │        0        │    -    │

├──────────────────────────────────────────────────────────────────────────────────┼────────────┼─────────────────┼─────────┤

│ app/.venv/lib/python3.13/site-packages/h11-0.16.0.dist-info/METADATA             │ python-pkg │        0        │    -    │

├──────────────────────────────────────────────────────────────────────────────────┼────────────┼─────────────────┼─────────┤

│ app/.venv/lib/python3.13/site-packages/httptools-0.8.0.dist-info/METADATA        │ python-pkg │        0        │    -    │

├──────────────────────────────────────────────────────────────────────────────────┼────────────┼─────────────────┼─────────┤

│ app/.venv/lib/python3.13/site-packages/idna-3.18.dist-info/METADATA              │ python-pkg │        0        │    -    │

├──────────────────────────────────────────────────────────────────────────────────┼────────────┼─────────────────┼─────────┤

│ app/.venv/lib/python3.13/site-packages/mako-1.3.12.dist-info/METADATA            │ python-pkg │        0        │    -    │

├──────────────────────────────────────────────────────────────────────────────────┼────────────┼─────────────────┼─────────┤

│ app/.venv/lib/python3.13/site-packages/markupsafe-3.0.3.dist-info/METADATA       │ python-pkg │        0        │    -    │

├──────────────────────────────────────────────────────────────────────────────────┼────────────┼─────────────────┼─────────┤

│ app/.venv/lib/python3.13/site-packages/prometheus_client-0.26.0.dist-info/METAD- │ python-pkg │        0        │    -    │

│ ATA                                                                              │            │                 │         │

├──────────────────────────────────────────────────────────────────────────────────┼────────────┼─────────────────┼─────────┤

│ app/.venv/lib/python3.13/site-packages/pydantic-2.13.4.dist-info/METADATA        │ python-pkg │        0        │    -    │

├──────────────────────────────────────────────────────────────────────────────────┼────────────┼─────────────────┼─────────┤

│ app/.venv/lib/python3.13/site-packages/pydantic_core-2.46.4.dist-info/METADATA   │ python-pkg │        0        │    -    │

├──────────────────────────────────────────────────────────────────────────────────┼────────────┼─────────────────┼─────────┤

│ app/.venv/lib/python3.13/site-packages/pydantic_settings-2.14.2.dist-info/METAD- │ python-pkg │        0        │    -    │

│ ATA                                                                              │            │                 │         │

├──────────────────────────────────────────────────────────────────────────────────┼────────────┼─────────────────┼─────────┤

│ app/.venv/lib/python3.13/site-packages/python_dotenv-1.2.2.dist-info/METADATA    │ python-pkg │        0        │    -    │

├──────────────────────────────────────────────────────────────────────────────────┼────────────┼─────────────────┼─────────┤

│ app/.venv/lib/python3.13/site-packages/pyyaml-6.0.3.dist-info/METADATA           │ python-pkg │        0        │    -    │

├──────────────────────────────────────────────────────────────────────────────────┼────────────┼─────────────────┼─────────┤

│ app/.venv/lib/python3.13/site-packages/snaketracker-0.1.0.dist-info/METADATA     │ python-pkg │        0        │    -    │

├──────────────────────────────────────────────────────────────────────────────────┼────────────┼─────────────────┼─────────┤

│ app/.venv/lib/python3.13/site-packages/sqlalchemy-2.0.51.dist-info/METADATA      │ python-pkg │        0        │    -    │

├──────────────────────────────────────────────────────────────────────────────────┼────────────┼─────────────────┼─────────┤

│ app/.venv/lib/python3.13/site-packages/starlette-1.3.1.dist-info/METADATA        │ python-pkg │        0        │    -    │

├──────────────────────────────────────────────────────────────────────────────────┼────────────┼─────────────────┼─────────┤

│ app/.venv/lib/python3.13/site-packages/typing_extensions-4.16.0.dist-info/METAD- │ python-pkg │        0        │    -    │

│ ATA                                                                              │            │                 │         │

├──────────────────────────────────────────────────────────────────────────────────┼────────────┼─────────────────┼─────────┤

│ app/.venv/lib/python3.13/site-packages/typing_inspection-0.4.2.dist-info/METADA- │ python-pkg │        0        │    -    │

│ TA                                                                               │            │                 │         │

├──────────────────────────────────────────────────────────────────────────────────┼────────────┼─────────────────┼─────────┤

│ app/.venv/lib/python3.13/site-packages/uvicorn-0.52.1.dist-info/METADATA         │ python-pkg │        0        │    -    │

├──────────────────────────────────────────────────────────────────────────────────┼────────────┼─────────────────┼─────────┤

│ app/.venv/lib/python3.13/site-packages/uvloop-0.22.1.dist-info/METADATA          │ python-pkg │        0        │    -    │

├──────────────────────────────────────────────────────────────────────────────────┼────────────┼─────────────────┼─────────┤

│ app/.venv/lib/python3.13/site-packages/watchfiles-1.2.0.dist-info/METADATA       │ python-pkg │        0        │    -    │

├──────────────────────────────────────────────────────────────────────────────────┼────────────┼─────────────────┼─────────┤

│ app/.venv/lib/python3.13/site-packages/websockets-17.0.1.dist-info/METADATA      │ python-pkg │        0        │    -    │

├──────────────────────────────────────────────────────────────────────────────────┼────────────┼─────────────────┼─────────┤

│ usr/local/lib/python3.13/site-packages/pip-26.1.2.dist-info/METADATA             │ python-pkg │        0        │    -    │

├──────────────────────────────────────────────────────────────────────────────────┼────────────┼─────────────────┼─────────┤

│ usr/bin/uv                                                                       │ rustbinary │        0        │    -    │

├──────────────────────────────────────────────────────────────────────────────────┼────────────┼─────────────────┼─────────┤

│ usr/bin/uvx                                                                      │ rustbinary │        0        │    -    │

└──────────────────────────────────────────────────────────────────────────────────┴────────────┴─────────────────┴─────────┘

Legend:

- '-': Not scanned

- '0': Clean (no security findings detected)




Script done on 2026-08-04 06:13:11-04:00 [COMMAND_EXIT_CODE="0"]
