#0 building with "default" instance using docker driver

#1 [internal] load build definition from Dockerfile
#1 transferring dockerfile: 1.19kB done
#1 DONE 0.0s

#2 [internal] load metadata for docker.io/library/python@sha256:9d7f287598e1a5a978c015ee176d8216435aaf335ed69ac3c38dd1bbb10e8d64
#2 ...

#3 [auth] library/python:pull token for registry-1.docker.io
#3 DONE 0.0s

#4 [internal] load metadata for ghcr.io/astral-sh/uv@sha256:cf4eedcaa81655197f625739489effcbe71b61ceb1506f332c3facae5deceded
#4 DONE 0.5s

#2 [internal] load metadata for docker.io/library/python@sha256:9d7f287598e1a5a978c015ee176d8216435aaf335ed69ac3c38dd1bbb10e8d64
#2 DONE 0.5s

#5 [internal] load .dockerignore
#5 transferring context: 252B done
#5 DONE 0.0s

#6 [runtime  1/11] FROM docker.io/library/python@sha256:9d7f287598e1a5a978c015ee176d8216435aaf335ed69ac3c38dd1bbb10e8d64
#6 resolve docker.io/library/python@sha256:9d7f287598e1a5a978c015ee176d8216435aaf335ed69ac3c38dd1bbb10e8d64 0.0s done
#6 DONE 0.0s

#7 [uv 1/1] FROM ghcr.io/astral-sh/uv@sha256:cf4eedcaa81655197f625739489effcbe71b61ceb1506f332c3facae5deceded
#7 resolve ghcr.io/astral-sh/uv@sha256:cf4eedcaa81655197f625739489effcbe71b61ceb1506f332c3facae5deceded 0.0s done
#7 DONE 0.0s

#8 [internal] load build context
#8 transferring context: 31.41kB done
#8 DONE 0.0s

#9 [runtime  2/11] RUN groupadd --gid 1001 snaketracker     && useradd --uid 1001 --gid 1001 --create-home --shell /usr/sbin/nologin snaketracker
#9 CACHED

#10 [runtime  3/11] WORKDIR /app
#10 CACHED

#11 [runtime  4/11] COPY --from=uv /uv /uvx /bin/
#11 CACHED

#12 [runtime  5/11] COPY pyproject.toml uv.lock README.md ./
#12 CACHED

#13 [runtime  6/11] COPY src ./src
#13 DONE 0.0s

#14 [runtime  7/11] RUN uv sync --frozen --no-dev --no-editable     && rm -rf /root/.cache/uv
#14 0.513 Using CPython 3.13.14 interpreter at: /usr/local/bin/python3
#14 0.513 Creating virtual environment at: .venv
#14 0.570    Building snaketracker @ file:///app
#14 0.693 Downloading pydantic-core (2.0MiB)
#14 0.694 Downloading sqlalchemy (3.1MiB)
#14 0.695 Downloading uvloop (4.2MiB)
#14 2.075  Downloaded pydantic-core
#14 2.087       Built snaketracker @ file:///app
#14 2.335  Downloaded sqlalchemy
#14 2.470  Downloaded uvloop
#14 2.470 Prepared 33 packages in 1.95s
#14 2.604 Installed 33 packages in 134ms
#14 3.150 Bytecode compiled 986 files in 545ms
#14 3.150  + alembic==1.18.5
#14 3.150  + annotated-doc==0.0.5
#14 3.150  + annotated-types==0.8.0
#14 3.150  + anyio==4.14.2
#14 3.150  + argon2-cffi==25.1.0
#14 3.150  + argon2-cffi-bindings==25.1.0
#14 3.150  + cffi==2.1.1
#14 3.150  + click==8.4.2
#14 3.150  + fastapi==0.141.1
#14 3.150  + greenlet==3.5.4
#14 3.150  + h11==0.16.0
#14 3.150  + httptools==0.8.0
#14 3.150  + idna==3.18
#14 3.150  + jinja2==3.1.6
#14 3.150  + mako==1.3.12
#14 3.150  + markupsafe==3.0.3
#14 3.150  + prometheus-client==0.26.0
#14 3.150  + pycparser==3.0
#14 3.150  + pydantic==2.13.4
#14 3.150  + pydantic-core==2.46.4
#14 3.150  + pydantic-settings==2.14.2
#14 3.150  + python-dotenv==1.2.2
#14 3.150  + python-multipart==0.0.32
#14 3.150  + pyyaml==6.0.3
#14 3.150  + snaketracker==0.1.0 (from file:///app)
#14 3.150  + sqlalchemy==2.0.51
#14 3.150  + starlette==1.3.1
#14 3.150  + typing-extensions==4.16.0
#14 3.150  + typing-inspection==0.4.2
#14 3.150  + uvicorn==0.52.1
#14 3.150  + uvloop==0.22.1
#14 3.150  + watchfiles==1.2.0
#14 3.150  + websockets==17.0.1
#14 DONE 3.3s

#15 [runtime  8/11] COPY alembic.ini ./
#15 DONE 0.0s

#16 [runtime  9/11] COPY migrations ./migrations
#16 DONE 0.0s

#17 [runtime 10/11] COPY deploy/docker/entrypoint.sh /usr/local/bin/snaketracker-entrypoint
#17 DONE 0.0s

#18 [runtime 11/11] RUN chmod 0555 /usr/local/bin/snaketracker-entrypoint     && chown -R snaketracker:snaketracker /app
#18 DONE 3.3s

#19 exporting to image
#19 exporting layers
#19 exporting layers 2.7s done
#19 exporting manifest sha256:9fc71637fd038ff02cbd7eddd6e514064cb367a292e259941e81f5a76ccba510 0.1s done
#19 exporting config sha256:db35f01d83aee419a1a1bcaf2ab061602788466e76fd6e91418fd025aad16111 0.1s done
#19 exporting attestation manifest sha256:5b32b5001956ced5c1a5da647835963a8ca6d4126ca7188900e43ddbfdafc918
#19 exporting attestation manifest sha256:5b32b5001956ced5c1a5da647835963a8ca6d4126ca7188900e43ddbfdafc918 0.2s done
#19 exporting manifest list sha256:f38675856a64071acbcbdf4dc5109778bdd3cde76e8668fcefca9d212acfd435
#19 exporting manifest list sha256:f38675856a64071acbcbdf4dc5109778bdd3cde76e8668fcefca9d212acfd435 0.1s done
#19 naming to docker.io/library/snaketracker:phase3-amd64 done
#19 unpacking to docker.io/library/snaketracker:phase3-amd64
#19 unpacking to docker.io/library/snaketracker:phase3-amd64 1.4s done
#19 DONE 4.5s
