 Network snaketracker-m3_default  Creating
 Network snaketracker-m3_default  Created
 Container snaketracker-m3-migrate-1  Creating
 Container snaketracker-m3-migrate-1  Created
 Container snaketracker-m3-worker-1  Creating
 Container snaketracker-m3-web-1  Creating
 Container snaketracker-m3-web-1  Created
 Container snaketracker-m3-nginx-1  Creating
 Container snaketracker-m3-worker-1  Created
 Container snaketracker-m3-nginx-1  Created
 Container snaketracker-m3-migrate-1  Starting
 Container snaketracker-m3-migrate-1  Started
 Container snaketracker-m3-migrate-1  Waiting
 Container snaketracker-m3-migrate-1  Waiting
 Container snaketracker-m3-migrate-1  Exited
 Container snaketracker-m3-worker-1  Starting
 Container snaketracker-m3-migrate-1  Exited
 Container snaketracker-m3-web-1  Starting
 Container snaketracker-m3-worker-1  Started
 Container snaketracker-m3-web-1  Started
 Container snaketracker-m3-web-1  Waiting
 Container snaketracker-m3-web-1  Healthy
 Container snaketracker-m3-nginx-1  Starting
 Container snaketracker-m3-nginx-1  Started
 Container snaketracker-m3-web-1  Waiting
 Container snaketracker-m3-worker-1  Waiting
 Container snaketracker-m3-nginx-1  Waiting
 Container snaketracker-m3-migrate-1  Waiting
 Container snaketracker-m3-web-1  Healthy
 Container snaketracker-m3-migrate-1  Exited
 Container snaketracker-m3-worker-1  Healthy
 Container snaketracker-m3-nginx-1  Healthy
NAME                       IMAGE                                                                           COMMAND                  SERVICE   CREATED          STATUS                    PORTS
snaketracker-m3-nginx-1    nginx@sha256:5b4900b042ccfa8b0a73df622c3a60f2322faeb2be800cbee5aa7b44d241649e   "/docker-entrypoint.…"   nginx     13 seconds ago   Up 5 seconds (healthy)    80/tcp, 0.0.0.0:18083->8080/tcp
snaketracker-m3-web-1      snaketracker:phase3-amd64                                                       "/usr/local/bin/snak…"   web       13 seconds ago   Up 11 seconds (healthy)   
snaketracker-m3-worker-1   snaketracker:phase3-amd64                                                       "/usr/local/bin/snak…"   worker    13 seconds ago   Up 11 seconds (healthy)   
{"status":"alive"}{"status":"ready"} Container snaketracker-m3-worker-1  Restarting
 Container snaketracker-m3-web-1  Restarting
 Container snaketracker-m3-worker-1  Started
 Container snaketracker-m3-web-1  Started
 Container snaketracker-m3-worker-1  Running
 Container snaketracker-m3-web-1  Running
 Container snaketracker-m3-nginx-1  Running
 Container snaketracker-m3-migrate-1  Starting
 Container snaketracker-m3-migrate-1  Started
 Container snaketracker-m3-migrate-1  Waiting
 Container snaketracker-m3-migrate-1  Waiting
 Container snaketracker-m3-migrate-1  Exited
 Container snaketracker-m3-web-1  Waiting
 Container snaketracker-m3-migrate-1  Exited
 Container snaketracker-m3-web-1  Healthy
 Container snaketracker-m3-migrate-1  Waiting
 Container snaketracker-m3-web-1  Waiting
 Container snaketracker-m3-worker-1  Waiting
 Container snaketracker-m3-nginx-1  Waiting
 Container snaketracker-m3-migrate-1  Exited
 Container snaketracker-m3-nginx-1  Healthy
 Container snaketracker-m3-web-1  Healthy
 Container snaketracker-m3-worker-1  Healthy
{"status":"ready"} Container snaketracker-m3-worker-1  Stopping
 Container snaketracker-m3-nginx-1  Stopping
 Container snaketracker-m3-worker-1  Stopped
 Container snaketracker-m3-worker-1  Removing
 Container snaketracker-m3-worker-1  Removed
 Container snaketracker-m3-nginx-1  Stopped
 Container snaketracker-m3-nginx-1  Removing
 Container snaketracker-m3-nginx-1  Removed
 Container snaketracker-m3-web-1  Stopping
 Container snaketracker-m3-web-1  Stopped
 Container snaketracker-m3-web-1  Removing
 Container snaketracker-m3-web-1  Removed
 Container snaketracker-m3-migrate-1  Stopping
 Container snaketracker-m3-migrate-1  Stopped
 Container snaketracker-m3-migrate-1  Removing
 Container snaketracker-m3-migrate-1  Removed
 Network snaketracker-m3_default  Removing
 Network snaketracker-m3_default  Removed
0004_event_platform
